2026-09-04 10:44:00 [ERROR] main.py(行:43:API URL 為空
2026-09-04 10:47:39 [INFO] main.py(行:46:正在從API get data...
2026-09-04 10:47:40 [INFO] main.py(行:54:成功取得資料, 共 38筆
2026-09-04 10:52:29 [INFO] main.py(行:46:正在從API get data...
2026-09-04 10:52:29 [INFO] main.py(行:54:成功取得資料, 共 38筆
2026-09-04 10:52:29 [INFO] main.py(行:186:準備處理38筆資料
2026-09-04 10:52:29 [INFO] main.py(行:71:資料已寫入成功: excel tainan_house.xlsx
2026-09-04 10:52:29 [INFO] main.py(行:85:連線至MySQL (localhost): 3306) 檢查資料庫狀態...
2026-09-04 10:52:33 [INFO] main.py(行:132:MySQL資料表已建立並清空舊資料
2026-09-04 10:52:33 [INFO] main.py(行:134:正將資料寫入 MySQL table 中...
2026-09-04 10:52:34 [INFO] main.py(行:143:資料已成功寫入 MySQL
2026-09-04 10:52:34 [INFO] main.py(行:156:MySQL 連線已關閉
2026-09-04 11:05:09 [INFO] main.py(行:46:正在從API get data...
2026-09-04 11:05:09 [INFO] main.py(行:54:成功取得資料, 共 38筆
2026-09-04 11:05:09 [INFO] main.py(行:186:準備處理38筆資料
2026-09-04 11:05:09 [INFO] main.py(行:71:資料已寫入成功: excel tainan_house.xlsx
2026-09-04 11:05:09 [INFO] main.py(行:85:連線至MySQL (localhost): 3306) 檢查資料庫狀態...
2026-09-04 11:05:14 [INFO] main.py(行:132:MySQL資料表已建立並清空舊資料
2026-09-04 11:05:14 [INFO] main.py(行:134:正將資料寫入 MySQL table 中...
2026-09-04 11:05:14 [INFO] main.py(行:143:資料已成功寫入 MySQL
2026-09-04 11:05:14 [INFO] main.py(行:156:MySQL 連線已關閉
2026-09-04 11:14:25 [INFO] main.py(行:47:正在從API get data...
2026-09-04 11:14:25 [INFO] main.py(行:55:成功取得資料, 共 38筆
2026-09-04 11:14:25 [INFO] main.py(行:187:準備處理38筆資料
2026-09-04 11:14:25 [INFO] main.py(行:72:資料已寫入成功: excel tainan_house.xlsx
2026-09-04 11:14:25 [INFO] main.py(行:86:連線至MySQL (localhost): 3306) 檢查資料庫狀態...
2026-09-04 11:14:29 [INFO] main.py(行:133:MySQL資料表已建立並清空舊資料
2026-09-04 11:14:29 [INFO] main.py(行:135:正將資料寫入 MySQL table 中...
2026-09-04 11:14:29 [INFO] main.py(行:144:資料已成功寫入 MySQL
2026-09-04 11:14:29 [INFO] main.py(行:157:MySQL 連線已關閉
2026-09-04 11:14:29 [INFO] main.py(行:193:執行讀取資料……
2026-09-04 11:14:29 [INFO] main.py(行:162:已成功讀取excel檔案, 共38筆資料
2026-09-04 11:14:31 [INFO] main.py(行:173:已成功讀取mysql table資料,共0筆資料
